// Jest Snapshot v1, https://goo.gl/fbAQLP

exports[`renderer should render header 1`] = `
<h1
  className="rsg--logo-0"
>
  React Styleguidist
</h1>
`;
