// Jest Snapshot v1, https://goo.gl/fbAQLP

exports[`Markdown Details should render a Details 1`] = `
<details
  className="rsg--details-0"
>
  <summary
    className="rsg--summary-2"
  >
    Solution
  </summary>
  This is a hidden text.
</details>
`;
