// Jest Snapshot v1, https://goo.gl/fbAQLP

exports[`should render code 1`] = `
<Wrapper
  onError={[Function]}
>
  <bound anonymous />
</Wrapper>
`;

exports[`should wrap code in Fragment when it starts with < 1`] = `
<div>
  <span />
  <span />
</div>
`;
